// Vitest Snapshot v1, https://vitest.dev/guide/snapshot.html

exports[`useValidatedParams > doesn't throw 400 Bad Request if params does not match validation schema 1`] = `
{
  "output": {
    "name": "2",
  },
  "success": true,
  "typed": true,
}
`;

exports[`useValidatedParams > returns 200 OK if params matches validation schema 1`] = `
{
  "name": "sandros94",
}
`;

exports[`useValidatedParams > throws 400 Bad Request if params does not match validation schema 1`] = `
{
  "stack": [],
  "statusCode": 404,
  "statusMessage": "Cannot find any path matching /validate.",
}
`;
